D/dalvikvm(  285): DexOpt: 'Lorg/apache/commons/codec/binary/Hex;' has an earlier definition; blocking out
D/dalvikvm(  285): DexOpt: 'Lorg/w3c/dom/UserDataHandler;' has an earlier definition; blocking out
D/dalvikvm(  285): DexOpt: not verifying 'Lorg/apache/commons/codec/binary/Base64;': multiple definitions
D/dalvikvm(  285): DexOpt: not verifying 'Lorg/apache/commons/codec/binary/Hex;': multiple definitions
I/dalvikvm(  285): DexOpt: not resolving ambiguous class 'Lorg/apache/commons/codec/binary/Hex;'
I/dalvikvm(  285): DexOpt: not resolving ambiguous class 'Lorg/apache/commons/codec/binary/Base64;'
I/dalvikvm(  285): DexOpt: not resolving ambiguous class 'Lorg/apache/commons/codec/binary/Base64;'
D/dalvikvm(  285): DexOpt: not verifying 'Lorg/w3c/dom/UserDataHandler;': multiple definitions
I/dalvikvm(  285): DexOpt: not resolving ambiguous class 'Lorg/apache/commons/codec/binary/Hex;'
D/dalvikvm(  285): DexOpt: load 381ms, verify 1989ms, opt 86ms
D/installd(   35): DexInv: --- END '/data/app/com.imobble.recorder-2.apk' (success) ---
W/PackageManager(   60): Code path for pkg : com.imobble.recorder changing from /data/app/com.imobble.recorder-1.apk to /data/app/com.imobble.recorder-2.apk
W/PackageManager(   60): Resource path for pkg : com.imobble.recorder changing from /data/app/com.imobble.recorder-1.apk to /data/app/com.imobble.recorder-2.apk
D/PackageManager(   60):   Services: org.appcelerator.titanium.analytics.TiAnalyticsService
D/PackageManager(   60):   Activities: com.imobble.recorder.RecorderActivity org.appcelerator.titanium.TiActivity org.appcelerator.titanium.TiTranslucentActivity org.appcelerator.titanium.TiModalActivity ti.modules.titanium.ui.TiTabActivity ti.modules.titanium.ui.android.TiPreferencesActivity
I/ActivityManager(   60): Force stopping package com.imobble.recorder uid=10036
D/dalvikvm(   60): GC_FOR_MALLOC freed 10580 objects / 624056 bytes in 138ms
I/installd(   35): move /data/dalvik-cache/data@app@com.imobble.recorder-2.apk@classes.dex -> /data/dalvik-cache/data@app@com.imobble.recorder-2.apk@classes.dex
D/PackageManager(   60): New package installed in /data/app/com.imobble.recorder-2.apk
I/ActivityManager(   60): Force stopping package com.imobble.recorder uid=10036
D/dalvikvm(  124): GC_EXPLICIT freed 98 objects / 3816 bytes in 92ms
I/ActivityManager(   60): Start proc com.svox.pico for broadcast com.svox.pico/.VoiceDataInstallerReceiver: pid=287 uid=10028 gids={}
D/dalvikvm(   60): GC_EXPLICIT freed 5551 objects / 327440 bytes in 292ms
I/installd(   35): unlink /data/dalvik-cache/data@app@com.imobble.recorder-1.apk@classes.dex
D/AndroidRuntime(  270): Shutting down VM
D/dalvikvm(  270): Debugger has detached; object registry had 1 entries
I/dalvikvm(  270): JNI: AttachCurrentThread (from ???.???)
I/AndroidRuntime(  270): NOTE: attach of thread 'Binder Thread #3' failed
W/RecognitionManagerService(   60): no available voice recognition services found
I/ActivityThread(  287): Publishing provider com.svox.pico.providers.SettingsProvider: com.svox.pico.providers.SettingsProvider
D/AndroidRuntime(  297): 
D/AndroidRuntime(  297): >>>>>>>>>>>>>> AndroidRuntime START <<<<<<<<<<<<<<
D/AndroidRuntime(  297): CheckJNI is ON
D/AndroidRuntime(  297): --- registering native functions ---
I/ActivityManager(   60): Starting activity: Intent { act=android.intent.action.MAIN cat=[android.intent.category.LAUNCHER] flg=0x10000000 cmp=com.imobble.recorder/.RecorderActivity }
D/AndroidRuntime(  297): Shutting down VM
D/dalvikvm(  297): Debugger has detached; object registry had 1 entries
I/AndroidRuntime(  297): NOTE: attach of thread 'Binder Thread #3' failed
I/ActivityManager(   60): Start proc com.imobble.recorder for activity com.imobble.recorder/.RecorderActivity: pid=304 uid=10036 gids={1015, 3003}
I/TiApplication(  304): (main) [0,0] checkpoint, app created.
I/TiApplication(  304): (main) [312,312] Titanium 2.1.0 (2012/07/01 21:26 df272b9)
D/dalvikvm(  304): GC_FOR_MALLOC freed 3284 objects / 343080 bytes in 72ms
I/TiApplication(  304): (main) [284,596] Titanium Javascript runtime: v8
D/dalvikvm(  304): Trying to load lib /data/data/com.imobble.recorder/lib/libstlport_shared.so 0x43e37c00
D/dalvikvm(  304): Added shared lib /data/data/com.imobble.recorder/lib/libstlport_shared.so 0x43e37c00
D/RecorderModule(  304): (main) [64,660] inside onAppCreate
D/dalvikvm(  304): No JNI_OnLoad found in /data/data/com.imobble.recorder/lib/libstlport_shared.so 0x43e37c00, skipping init
D/dalvikvm(  304): Trying to load lib /data/data/com.imobble.recorder/lib/libkroll-v8.so 0x43e37c00
I/TiRootActivity(  304): (main) [0,0] checkpoint, on root activity create, savedInstanceState: null
D/dalvikvm(  304): Added shared lib /data/data/com.imobble.recorder/lib/libkroll-v8.so 0x43e37c00
E/TiApplication(  304): (KrollRuntimeThread) [2213,2213] APP PROXY: ti.modules.titanium.app.AppModule@43e568e0
D/dalvikvm(  304): Trying to load lib /data/data/com.imobble.recorder/lib/libcom.imobble.recorder.so 0x43e37c00
D/dalvikvm(  304): Added shared lib /data/data/com.imobble.recorder/lib/libcom.imobble.recorder.so 0x43e37c00
D/dalvikvm(  304): No JNI_OnLoad found in /data/data/com.imobble.recorder/lib/libcom.imobble.recorder.so 0x43e37c00, skipping init
I/TiAPI   (  304):  module is => [object Object]
D/RecorderModule(  304): (KrollRuntimeThread) [559,2772] example called
D/RecorderModule(  304): (KrollRuntimeThread) [4,2776] get example property
I/TiAPI   (  304):  module exampleProp is => hello world
D/RecorderModule(  304): (KrollRuntimeThread) [2,2778] set example property: This is a test value
D/ExampleProxy(  304): (KrollRuntimeThread) [26,2804] example created with message: Creating an example Proxy
D/ExampleProxy(  304): (KrollRuntimeThread) [2,2806] printing message: Hello world!
D/ExampleProxy(  304): (KrollRuntimeThread) [2,2808] Tried setting module message to: Hi world!.  It's me again.
D/ExampleProxy(  304): (KrollRuntimeThread) [1,2809] printing message: Hello world!
D/dalvikvm(  304): Trying to load lib /data/data/com.imobble.recorder/lib/libtiverify.so 0x43e37c00
D/dalvikvm(  304): Added shared lib /data/data/com.imobble.recorder/lib/libtiverify.so 0x43e37c00
I/TiRootActivity(  304): (main) [0,0] checkpoint, on root activity resume. activity = com.imobble.recorder.RecorderActivity@43e972b0
I/ActivityManager(   60): Displayed activity com.imobble.recorder/.RecorderActivity: 5201 ms (total 5201 ms)
D/dalvikvm(  124): GC_EXPLICIT freed 816 objects / 45272 bytes in 95ms
W/TiAnalyticsSvc(  304): (Thread-12) [27261,27261] Analytics Service Started
I/TiAnalyticsSvc(  304): (Thread-12) [113,27374] Sending 2 analytics events.
D/dalvikvm(  304): GC_FOR_MALLOC freed 5591 objects / 409680 bytes in 68ms
D/dalvikvm(  304): GC_FOR_MALLOC freed 4954 objects / 279920 bytes in 88ms
W/TiAnalyticsSvc(  304): (Thread-12) [2864,30238] Stopping Analytics Service
D/SntpClient(   60): request time failed: java.net.SocketException: Address family not supported by protocol
D/SntpClient(   60): request time failed: java.net.SocketException: Address family not supported by protocol
D/SntpClient(   60): request time failed: java.net.SocketException: Address family not supported by protocol
D/AndroidRuntime(  320): 
D/AndroidRuntime(  320): >>>>>>>>>>>>>> AndroidRuntime START <<<<<<<<<<<<<<
D/AndroidRuntime(  320): CheckJNI is ON
D/AndroidRuntime(  320): --- registering native functions ---
I/ActivityManager(   60): Process android.process.acore (pid 158) has died.
D/dalvikvm(  276): GC_EXPLICIT freed 527 objects / 30168 bytes in 74ms
D/PackageParser(   60): Scanning package: /data/app/vmdl16500.tmp
D/PackageManager(   60): Scanning package com.example.com.recorder
I/PackageManager(   60): /data/app/com.example.com.recorder-1.apk changed; unpacking
D/installd(   35): DexInv: --- BEGIN '/data/app/com.example.com.recorder-1.apk' ---
D/dalvikvm(  329): DexOpt: load 146ms, verify 540ms, opt 23ms
D/installd(   35): DexInv: --- END '/data/app/com.example.com.recorder-1.apk' (success) ---
D/PackageManager(   60):   Activities: com.example.com.recorder.MainActivity
I/ActivityManager(   60): Force stopping package com.example.com.recorder uid=10038
D/dalvikvm(   60): GC_FOR_MALLOC freed 9514 objects / 495552 bytes in 118ms
I/installd(   35): move /data/dalvik-cache/data@app@com.example.com.recorder-1.apk@classes.dex -> /data/dalvik-cache/data@app@com.example.com.recorder-1.apk@classes.dex
D/PackageManager(   60): New package installed in /data/app/com.example.com.recorder-1.apk
D/dalvikvm(   60): GC_EXPLICIT freed 4182 objects / 262704 bytes in 340ms
D/AndroidRuntime(  320): Shutting down VM
D/dalvikvm(  320): Debugger has detached; object registry had 1 entries
I/AndroidRuntime(  320): NOTE: attach of thread 'Binder Thread #3' failed
W/RecognitionManagerService(   60): no available voice recognition services found
D/AndroidRuntime(  334): 
D/AndroidRuntime(  334): >>>>>>>>>>>>>> AndroidRuntime START <<<<<<<<<<<<<<
D/AndroidRuntime(  334): CheckJNI is ON
D/AndroidRuntime(  334): --- registering native functions ---
I/ActivityManager(   60): Starting activity: Intent { act=android.intent.action.MAIN cat=[android.intent.category.LAUNCHER] flg=0x10000000 cmp=com.example.com.recorder/.MainActivity }
D/AndroidRuntime(  334): Shutting down VM
D/jdwp    (  334): Got wake-up signal, bailing out of select
D/dalvikvm(  334): Debugger has detached; object registry had 1 entries
I/dalvikvm(  334): JNI: AttachCurrentThread (from ???.???)
I/AndroidRuntime(  334): NOTE: attach of thread 'Binder Thread #3' failed
I/ActivityManager(   60): Start proc com.example.com.recorder for activity com.example.com.recorder/.MainActivity: pid=342 uid=10038 gids={}
I/ActivityManager(   60): Displayed activity com.example.com.recorder/.MainActivity: 1229 ms (total 1229 ms)
W/KeyCharacterMap(  342): No keyboard for id 0
W/KeyCharacterMap(  342): Using default keymap: /system/usr/keychars/qwerty.kcm.bin
I/TiRootActivity(  304): (main) [1,1] checkpoint, on root activity resume. activity = com.imobble.recorder.RecorderActivity@43e972b0
W/KeyCharacterMap(  304): No keyboard for id 0
W/KeyCharacterMap(  304): Using default keymap: /system/usr/keychars/qwerty.kcm.bin
E/TiBaseActivity(  304): (main) [2370,2371] Layout cleanup.
D/dalvikvm(  276): GC_EXPLICIT freed 153 objects / 11560 bytes in 67ms
D/dalvikvm(  287): GC_EXPLICIT freed 755 objects / 54400 bytes in 86ms
D/dalvikvm(  304): GC_EXPLICIT freed 1486 objects / 68328 bytes in 88ms
W/TiAnalyticsSvc(  304): (Thread-13) [30014,32385] Analytics Service Started
I/TiAnalyticsSvc(  304): (Thread-13) [71,32456] Sending 1 analytics events.
W/TiAnalyticsSvc(  304): (Thread-13) [2362,34818] Stopping Analytics Service
D/AndroidRuntime(  351): 
D/AndroidRuntime(  351): >>>>>>>>>>>>>> AndroidRuntime START <<<<<<<<<<<<<<
D/AndroidRuntime(  351): CheckJNI is ON
D/AndroidRuntime(  351): --- registering native functions ---
D/AndroidRuntime(  351): Shutting down VM
D/dalvikvm(  351): Debugger has detached; object registry had 1 entries
I/AndroidRuntime(  351): NOTE: attach of thread 'Binder Thread #3' failed
D/AndroidRuntime(  359): 
D/AndroidRuntime(  359): >>>>>>>>>>>>>> AndroidRuntime START <<<<<<<<<<<<<<
D/AndroidRuntime(  359): CheckJNI is ON
D/AndroidRuntime(  359): --- registering native functions ---
I/ActivityManager(   60): Starting activity: Intent { act=android.intent.action.MAIN cat=[android.intent.category.LAUNCHER] flg=0x10000000 cmp=com.example.com.recorder/.MainActivity }
D/AndroidRuntime(  359): Shutting down VM
D/jdwp    (  359): Got wake-up signal, bailing out of select
D/dalvikvm(  359): Debugger has detached; object registry had 1 entries
I/AndroidRuntime(  359): NOTE: attach of thread 'Binder Thread #3' failed
I/ActivityManager(   60): Displayed activity com.example.com.recorder/.MainActivity: 443 ms (total 443 ms)
D/dalvikvm(  124): GC_EXPLICIT freed 940 objects / 50528 bytes in 76ms
D/SntpClient(   60): request time failed: java.net.SocketException: Address family not supported by protocol
D/dalvikvm(  304): GC_FOR_MALLOC freed 4804 objects / 464728 bytes in 83ms
D/NativeCrypto(  304): Freeing OpenSSL session
D/SntpClient(   60): request time failed: java.net.SocketException: Address family not supported by protocol
D/SntpClient(   60): request time failed: java.net.SocketException: Address family not supported by protocol
D/SntpClient(   60): request time failed: java.net.SocketException: Address family not supported by protocol
